Archive member included to satisfy reference by file (symbol)

c:/program files (x86)/atmel/studio/7.0/toolchain/avr8/avr8-gnu-toolchain/bin/../lib/gcc/avr/5.4.0/avr25\libgcc.a(_clear_bss.o)
                              analog.o (__do_clear_bss)

Discarded input sections

 .text          0x00000000        0x0 analog.o
 .data          0x00000000        0x0 analog.o
 .bss           0x00000000        0x0 analog.o
 .text          0x00000000        0x0 BH2221FV.o
 .data          0x00000000        0x0 BH2221FV.o
 .bss           0x00000000        0x0 BH2221FV.o
 .text          0x00000000        0x0 main.o
 .data          0x00000000        0x0 main.o
 .bss           0x00000000        0x0 main.o
 .text          0x00000000        0x0 c:/program files (x86)/atmel/studio/7.0/toolchain/avr8/avr8-gnu-toolchain/bin/../lib/gcc/avr/5.4.0/avr25\libgcc.a(_clear_bss.o)
 .data          0x00000000        0x0 c:/program files (x86)/atmel/studio/7.0/toolchain/avr8/avr8-gnu-toolchain/bin/../lib/gcc/avr/5.4.0/avr25\libgcc.a(_clear_bss.o)
 .bss           0x00000000        0x0 c:/program files (x86)/atmel/studio/7.0/toolchain/avr8/avr8-gnu-toolchain/bin/../lib/gcc/avr/5.4.0/avr25\libgcc.a(_clear_bss.o)
 .text.libgcc.mul
                0x00000000        0x0 c:/program files (x86)/atmel/studio/7.0/toolchain/avr8/avr8-gnu-toolchain/bin/../lib/gcc/avr/5.4.0/avr25\libgcc.a(_clear_bss.o)
 .text.libgcc.div
                0x00000000        0x0 c:/program files (x86)/atmel/studio/7.0/toolchain/avr8/avr8-gnu-toolchain/bin/../lib/gcc/avr/5.4.0/avr25\libgcc.a(_clear_bss.o)
 .text.libgcc   0x00000000        0x0 c:/program files (x86)/atmel/studio/7.0/toolchain/avr8/avr8-gnu-toolchain/bin/../lib/gcc/avr/5.4.0/avr25\libgcc.a(_clear_bss.o)
 .text.libgcc.prologue
                0x00000000        0x0 c:/program files (x86)/atmel/studio/7.0/toolchain/avr8/avr8-gnu-toolchain/bin/../lib/gcc/avr/5.4.0/avr25\libgcc.a(_clear_bss.o)
 .text.libgcc.builtins
                0x00000000        0x0 c:/program files (x86)/atmel/studio/7.0/toolchain/avr8/avr8-gnu-toolchain/bin/../lib/gcc/avr/5.4.0/avr25\libgcc.a(_clear_bss.o)
 .text.libgcc.fmul
                0x00000000        0x0 c:/program files (x86)/atmel/studio/7.0/toolchain/avr8/avr8-gnu-toolchain/bin/../lib/gcc/avr/5.4.0/avr25\libgcc.a(_clear_bss.o)
 .text.libgcc.fixed
                0x00000000        0x0 c:/program files (x86)/atmel/studio/7.0/toolchain/avr8/avr8-gnu-toolchain/bin/../lib/gcc/avr/5.4.0/avr25\libgcc.a(_clear_bss.o)

Memory Configuration

Name             Origin             Length             Attributes
text             0x00000000         0x00002000         xr
data             0x00800060         0x0000ffa0         rw !x
eeprom           0x00810000         0x00010000         rw !x
fuse             0x00820000         0x00000400         rw !x
lock             0x00830000         0x00000400         rw !x
signature        0x00840000         0x00000400         rw !x
user_signatures  0x00850000         0x00000400         rw !x
*default*        0x00000000         0xffffffff

Linker script and memory map

Address of section .data set to 0x800100
LOAD analog.o
LOAD BH2221FV.o
LOAD main.o
START GROUP
LOAD c:/program files (x86)/atmel/studio/7.0/toolchain/avr8/avr8-gnu-toolchain/bin/../lib/gcc/avr/5.4.0/../../../../avr/lib/avr25\libm.a
END GROUP
Address of section .text set to 0xa00
Address of section .data set to 0x800180
Address of section .shared set to 0x800100
START GROUP
LOAD c:/program files (x86)/atmel/studio/7.0/toolchain/avr8/avr8-gnu-toolchain/bin/../lib/gcc/avr/5.4.0/avr25\libgcc.a
LOAD c:/program files (x86)/atmel/studio/7.0/toolchain/avr8/avr8-gnu-toolchain/bin/../lib/gcc/avr/5.4.0/../../../../avr/lib/avr25\libm.a
LOAD c:/program files (x86)/atmel/studio/7.0/toolchain/avr8/avr8-gnu-toolchain/bin/../lib/gcc/avr/5.4.0/../../../../avr/lib/avr25\libc.a
LOAD C:/Program Files (x86)/Atmel/Studio/7.0/Packs/Atmel/ATtiny_DFP/2.0.368/gcc/dev/attiny841/avr25\libattiny841.a
END GROUP
                0x00000000                __TEXT_REGION_ORIGIN__ = DEFINED (__TEXT_REGION_ORIGIN__)?__TEXT_REGION_ORIGIN__:0x0
                0x00800060                __DATA_REGION_ORIGIN__ = DEFINED (__DATA_REGION_ORIGIN__)?__DATA_REGION_ORIGIN__:0x800060
                0x00002000                __TEXT_REGION_LENGTH__ = DEFINED (__TEXT_REGION_LENGTH__)?__TEXT_REGION_LENGTH__:0x2000
                0x0000ffa0                __DATA_REGION_LENGTH__ = DEFINED (__DATA_REGION_LENGTH__)?__DATA_REGION_LENGTH__:0xffa0
                0x00010000                __EEPROM_REGION_LENGTH__ = DEFINED (__EEPROM_REGION_LENGTH__)?__EEPROM_REGION_LENGTH__:0x10000
                0x00000400                __FUSE_REGION_LENGTH__ = DEFINED (__FUSE_REGION_LENGTH__)?__FUSE_REGION_LENGTH__:0x400
                0x00000400                __LOCK_REGION_LENGTH__ = DEFINED (__LOCK_REGION_LENGTH__)?__LOCK_REGION_LENGTH__:0x400
                0x00000400                __SIGNATURE_REGION_LENGTH__ = DEFINED (__SIGNATURE_REGION_LENGTH__)?__SIGNATURE_REGION_LENGTH__:0x400
                0x00000400                __USER_SIGNATURE_REGION_LENGTH__ = DEFINED (__USER_SIGNATURE_REGION_LENGTH__)?__USER_SIGNATURE_REGION_LENGTH__:0x400

.hash
 *(.hash)

.dynsym
 *(.dynsym)

.dynstr
 *(.dynstr)

.gnu.version
 *(.gnu.version)

.gnu.version_d
 *(.gnu.version_d)

.gnu.version_r
 *(.gnu.version_r)

.rel.init
 *(.rel.init)

.rela.init
 *(.rela.init)

.rel.text
 *(.rel.text)
 *(.rel.text.*)
 *(.rel.gnu.linkonce.t*)

.rela.text
 *(.rela.text)
 *(.rela.text.*)
 *(.rela.gnu.linkonce.t*)

.rel.fini
 *(.rel.fini)

.rela.fini
 *(.rela.fini)

.rel.rodata
 *(.rel.rodata)
 *(.rel.rodata.*)
 *(.rel.gnu.linkonce.r*)

.rela.rodata
 *(.rela.rodata)
 *(.rela.rodata.*)
 *(.rela.gnu.linkonce.r*)

.rel.data
 *(.rel.data)
 *(.rel.data.*)
 *(.rel.gnu.linkonce.d*)

.rela.data
 *(.rela.data)
 *(.rela.data.*)
 *(.rela.gnu.linkonce.d*)

.rel.ctors
 *(.rel.ctors)

.rela.ctors
 *(.rela.ctors)

.rel.dtors
 *(.rel.dtors)

.rela.dtors
 *(.rela.dtors)

.rel.got
 *(.rel.got)

.rela.got
 *(.rela.got)

.rel.bss
 *(.rel.bss)

.rela.bss
 *(.rela.bss)

.rel.plt
 *(.rel.plt)

.rela.plt
 *(.rela.plt)

.text           0x00000a00      0x1d8
 *(.vectors)
 .vectors       0x00000a00       0x42 main.o
                0x00000a00                InterruptVectorTable
 *(.vectors)
 *(.progmem.gcc*)
                0x00000a42                . = ALIGN (0x2)
                0x00000a42                __trampolines_start = .
 *(.trampolines)
 .trampolines   0x00000a42        0x0 linker stubs
 *(.trampolines*)
                0x00000a42                __trampolines_end = .
 *libprintf_flt.a:*(.progmem.data)
 *libc.a:*(.progmem.data)
 *(.progmem*)
                0x00000a42                . = ALIGN (0x2)
 *(.jumptables)
 *(.jumptables*)
 *(.lowtext)
 *(.lowtext*)
                0x00000a42                __ctors_start = .
 *(.ctors)
                0x00000a42                __ctors_end = .
                0x00000a42                __dtors_start = .
 *(.dtors)
                0x00000a42                __dtors_end = .
 SORT(*)(.ctors)
 SORT(*)(.dtors)
 *(.init0)
 *(.init0)
 *(.init1)
 *(.init1)
 *(.init2)
 *(.init2)
 *(.init3)
 *(.init3)
 *(.init4)
 .init4         0x00000a42       0x10 c:/program files (x86)/atmel/studio/7.0/toolchain/avr8/avr8-gnu-toolchain/bin/../lib/gcc/avr/5.4.0/avr25\libgcc.a(_clear_bss.o)
                0x00000a42                __do_clear_bss
 *(.init4)
 *(.init5)
 *(.init5)
 *(.init6)
 *(.init6)
 *(.init7)
 *(.init7)
 *(.init8)
 *(.init8)
 *(.init9)
 *(.init9)
 *(.text)
                0x00000a52                . = ALIGN (0x2)
 *(.text.*)
 .text.analog_init
                0x00000a52       0x20 analog.o
                0x00000a52                analog_init
 .text.analog_read_voltage
                0x00000a72       0x38 analog.o
                0x00000a72                analog_read_voltage
 .text.BH2221FV_send
                0x00000aaa       0x4c BH2221FV.o
                0x00000aaa                BH2221FV_send
 .text.BH2221FV_sendAll
                0x00000af6       0x54 BH2221FV.o
                0x00000af6                BH2221FV_sendAll
 .text.dummy_interruptHandler
                0x00000b4a        0x2 main.o
                0x00000b4a                dummy_interruptHandler
 .text.com_transmit_data
                0x00000b4c        0x8 main.o
                0x00000b4c                com_transmit_data
 .text.app_main
                0x00000b54       0x10 main.o
                0x00000b54                app_main
 .text.app_com_receive_data
                0x00000b64       0x72 main.o
                0x00000b64                app_com_receive_data
 .text.app_5ms_tick
                0x00000bd6        0x2 main.o
                0x00000bd6                app_5ms_tick
                0x00000bd8                . = ALIGN (0x2)
 *(.fini9)
 *(.fini9)
 *(.fini8)
 *(.fini8)
 *(.fini7)
 *(.fini7)
 *(.fini6)
 *(.fini6)
 *(.fini5)
 *(.fini5)
 *(.fini4)
 *(.fini4)
 *(.fini3)
 *(.fini3)
 *(.fini2)
 *(.fini2)
 *(.fini1)
 *(.fini1)
 *(.fini0)
 *(.fini0)
                0x00000bd8                _etext = .

.data           0x00800180        0x0 load address 0x00000bd8
                [!provide]                PROVIDE (__data_start, .)
 *(.data)
 *(.data*)
 *(.gnu.linkonce.d*)
 *(.rodata)
 *(.rodata*)
 *(.gnu.linkonce.r*)
                0x00800180                . = ALIGN (0x2)
                0x00800180                _edata = .
                [!provide]                PROVIDE (__data_end, .)

.bss            0x00800180        0x4
                0x00800180                PROVIDE (__bss_start, .)
 *(.bss)
 *(.bss*)
 .bss.adc_temperature
                0x00800180        0x2 analog.o
                0x00800180                adc_temperature
 .bss.adc_voltage
                0x00800182        0x2 analog.o
                0x00800182                adc_voltage
 *(COMMON)
                0x00800184                PROVIDE (__bss_end, .)
                0x00000bd8                __data_load_start = LOADADDR (.data)
                0x00000bd8                __data_load_end = (__data_load_start + SIZEOF (.data))

.noinit         0x00800184        0x0
                [!provide]                PROVIDE (__noinit_start, .)
 *(.noinit*)
                [!provide]                PROVIDE (__noinit_end, .)
                0x00800184                _end = .
                [!provide]                PROVIDE (__heap_start, .)

.eeprom         0x00810000        0x0
 *(.eeprom*)
                0x00810000                __eeprom_end = .

.fuse
 *(.fuse)
 *(.lfuse)
 *(.hfuse)
 *(.efuse)

.lock
 *(.lock*)

.signature
 *(.signature*)

.user_signatures
 *(.user_signatures*)

.stab
 *(.stab)

.stabstr
 *(.stabstr)

.stab.excl
 *(.stab.excl)

.stab.exclstr
 *(.stab.exclstr)

.stab.index
 *(.stab.index)

.stab.indexstr
 *(.stab.indexstr)

.comment        0x00000000       0x30
 *(.comment)
 .comment       0x00000000       0x30 analog.o
                                 0x31 (size before relaxing)
 .comment       0x00000030       0x31 BH2221FV.o
 .comment       0x00000030       0x31 main.o

.note.gnu.build-id
 *(.note.gnu.build-id)

.debug
 *(.debug)

.line
 *(.line)

.debug_srcinfo
 *(.debug_srcinfo)

.debug_sfnames
 *(.debug_sfnames)

.debug_aranges  0x00000000       0x98
 *(.debug_aranges)
 .debug_aranges
                0x00000000       0x28 analog.o
 .debug_aranges
                0x00000028       0x28 BH2221FV.o
 .debug_aranges
                0x00000050       0x48 main.o

.debug_pubnames
 *(.debug_pubnames)

.debug_info     0x00000000      0x63d
 *(.debug_info .gnu.linkonce.wi.*)
 .debug_info    0x00000000       0xf7 analog.o
 .debug_info    0x000000f7      0x1e8 BH2221FV.o
 .debug_info    0x000002df      0x35e main.o

.debug_abbrev   0x00000000      0x30b
 *(.debug_abbrev)
 .debug_abbrev  0x00000000       0xa5 analog.o
 .debug_abbrev  0x000000a5       0xcc BH2221FV.o
 .debug_abbrev  0x00000171      0x19a main.o

.debug_line     0x00000000      0x561
 *(.debug_line .debug_line.* .debug_line_end)
 .debug_line    0x00000000      0x127 analog.o
 .debug_line    0x00000127      0x199 BH2221FV.o
 .debug_line    0x000002c0      0x2a1 main.o

.debug_frame    0x00000000      0x104
 *(.debug_frame)
 .debug_frame   0x00000000       0x34 analog.o
 .debug_frame   0x00000034       0x40 BH2221FV.o
 .debug_frame   0x00000074       0x90 main.o

.debug_str      0x00000000      0x34b
 *(.debug_str)
 .debug_str     0x00000000      0x1a1 analog.o
                                0x1d5 (size before relaxing)
 .debug_str     0x000001a1       0x37 BH2221FV.o
                                0x1ae (size before relaxing)
 .debug_str     0x000001d8      0x173 main.o
                                0x337 (size before relaxing)

.debug_loc      0x00000000      0x459
 *(.debug_loc)
 .debug_loc     0x00000000       0x84 analog.o
 .debug_loc     0x00000084      0x117 BH2221FV.o
 .debug_loc     0x0000019b      0x2be main.o

.debug_macinfo
 *(.debug_macinfo)

.debug_weaknames
 *(.debug_weaknames)

.debug_funcnames
 *(.debug_funcnames)

.debug_typenames
 *(.debug_typenames)

.debug_varnames
 *(.debug_varnames)

.debug_pubtypes
 *(.debug_pubtypes)

.debug_ranges   0x00000000       0x80
 *(.debug_ranges)
 .debug_ranges  0x00000000       0x18 analog.o
 .debug_ranges  0x00000018       0x18 BH2221FV.o
 .debug_ranges  0x00000030       0x50 main.o

.debug_macro
 *(.debug_macro)
OUTPUT(RingLightControllerApp.elf elf32-avr)
LOAD linker stubs

.shared         0x00800100        0x4
 .shared        0x00800100        0x4 main.o
                0x00800100                shared
