Archive member included to satisfy reference by file (symbol)

c:/program files (x86)/atmel/studio/7.0/toolchain/avr8/avr8-gnu-toolchain/bin/../lib/gcc/avr/5.4.0/avr25\libgcc.a(_clear_bss.o)
                              common/com_uart.o (__do_clear_bss)
C:/Program Files (x86)/Atmel/Studio/7.0/Packs/Atmel/ATtiny_DFP/2.0.368/gcc/dev/attiny841/avr25\libattiny841.a(eerd_byte.o)
                              common/device.o (eeprom_read_byte)
C:/Program Files (x86)/Atmel/Studio/7.0/Packs/Atmel/ATtiny_DFP/2.0.368/gcc/dev/attiny841/avr25\libattiny841.a(eeupd_byte.o)
                              common/device.o (eeprom_update_byte)

Allocating common symbols
Common symbol       size              file

rxLedTimer5ms       0x1               common/com_uart.o
uart_buffer_position
                    0x1               common/com_uart.o
edge_count          0x1               common/com_uart.o
rx_byte_count       0x1               common/com_uart.o
com_error           0x1               common/com_uart.o
tickCounter         0x2               common/tickTimer.o
edge_periode_min    0x2               common/com_uart.o
uart_timeout_counter
                    0x1               common/com_uart.o
uart_buffer         0x1e              common/com_uart.o
uart_tx_size        0x1               common/com_uart.o
uart_state          0x1               common/com_uart.o

Discarded input sections

 .text          0x00000000        0x0 common/com_uart.o
 .data          0x00000000        0x0 common/com_uart.o
 .bss           0x00000000        0x0 common/com_uart.o
 .text.com_set_baudrate
                0x00000000       0x22 common/com_uart.o
 .text          0x00000000        0x0 common/device.o
 .data          0x00000000        0x0 common/device.o
 .bss           0x00000000        0x0 common/device.o
 .text          0x00000000        0x0 common/protocol.o
 .data          0x00000000        0x0 common/protocol.o
 .bss           0x00000000        0x0 common/protocol.o
 .avr.prop      0x00000000       0x16 common/protocol.o
 .text          0x00000000        0x0 common/tickTimer.o
 .data          0x00000000        0x0 common/tickTimer.o
 .bss           0x00000000        0x0 common/tickTimer.o
 .text.tickTimer_delay5ms
                0x00000000       0x2c common/tickTimer.o
 .text.tickTimer_reset
                0x00000000       0x10 common/tickTimer.o
 .text          0x00000000        0x0 main.o
 .data          0x00000000        0x0 main.o
 .bss           0x00000000        0x0 main.o
 .text          0x00000000        0x0 c:/program files (x86)/atmel/studio/7.0/toolchain/avr8/avr8-gnu-toolchain/bin/../lib/gcc/avr/5.4.0/avr25\libgcc.a(_clear_bss.o)
 .data          0x00000000        0x0 c:/program files (x86)/atmel/studio/7.0/toolchain/avr8/avr8-gnu-toolchain/bin/../lib/gcc/avr/5.4.0/avr25\libgcc.a(_clear_bss.o)
 .bss           0x00000000        0x0 c:/program files (x86)/atmel/studio/7.0/toolchain/avr8/avr8-gnu-toolchain/bin/../lib/gcc/avr/5.4.0/avr25\libgcc.a(_clear_bss.o)
 .text.libgcc.mul
                0x00000000        0x0 c:/program files (x86)/atmel/studio/7.0/toolchain/avr8/avr8-gnu-toolchain/bin/../lib/gcc/avr/5.4.0/avr25\libgcc.a(_clear_bss.o)
 .text.libgcc.div
                0x00000000        0x0 c:/program files (x86)/atmel/studio/7.0/toolchain/avr8/avr8-gnu-toolchain/bin/../lib/gcc/avr/5.4.0/avr25\libgcc.a(_clear_bss.o)
 .text.libgcc   0x00000000        0x0 c:/program files (x86)/atmel/studio/7.0/toolchain/avr8/avr8-gnu-toolchain/bin/../lib/gcc/avr/5.4.0/avr25\libgcc.a(_clear_bss.o)
 .text.libgcc.prologue
                0x00000000        0x0 c:/program files (x86)/atmel/studio/7.0/toolchain/avr8/avr8-gnu-toolchain/bin/../lib/gcc/avr/5.4.0/avr25\libgcc.a(_clear_bss.o)
 .text.libgcc.builtins
                0x00000000        0x0 c:/program files (x86)/atmel/studio/7.0/toolchain/avr8/avr8-gnu-toolchain/bin/../lib/gcc/avr/5.4.0/avr25\libgcc.a(_clear_bss.o)
 .text.libgcc.fmul
                0x00000000        0x0 c:/program files (x86)/atmel/studio/7.0/toolchain/avr8/avr8-gnu-toolchain/bin/../lib/gcc/avr/5.4.0/avr25\libgcc.a(_clear_bss.o)
 .text.libgcc.fixed
                0x00000000        0x0 c:/program files (x86)/atmel/studio/7.0/toolchain/avr8/avr8-gnu-toolchain/bin/../lib/gcc/avr/5.4.0/avr25\libgcc.a(_clear_bss.o)
 .text          0x00000000        0x0 C:/Program Files (x86)/Atmel/Studio/7.0/Packs/Atmel/ATtiny_DFP/2.0.368/gcc/dev/attiny841/avr25\libattiny841.a(eerd_byte.o)
 .data          0x00000000        0x0 C:/Program Files (x86)/Atmel/Studio/7.0/Packs/Atmel/ATtiny_DFP/2.0.368/gcc/dev/attiny841/avr25\libattiny841.a(eerd_byte.o)
 .bss           0x00000000        0x0 C:/Program Files (x86)/Atmel/Studio/7.0/Packs/Atmel/ATtiny_DFP/2.0.368/gcc/dev/attiny841/avr25\libattiny841.a(eerd_byte.o)
 .text          0x00000000        0x0 C:/Program Files (x86)/Atmel/Studio/7.0/Packs/Atmel/ATtiny_DFP/2.0.368/gcc/dev/attiny841/avr25\libattiny841.a(eeupd_byte.o)
 .data          0x00000000        0x0 C:/Program Files (x86)/Atmel/Studio/7.0/Packs/Atmel/ATtiny_DFP/2.0.368/gcc/dev/attiny841/avr25\libattiny841.a(eeupd_byte.o)
 .bss           0x00000000        0x0 C:/Program Files (x86)/Atmel/Studio/7.0/Packs/Atmel/ATtiny_DFP/2.0.368/gcc/dev/attiny841/avr25\libattiny841.a(eeupd_byte.o)

Memory Configuration

Name             Origin             Length             Attributes
text             0x00000000         0x00002000         xr
data             0x00800060         0x0000ffa0         rw !x
eeprom           0x00810000         0x00010000         rw !x
fuse             0x00820000         0x00000400         rw !x
lock             0x00830000         0x00000400         rw !x
signature        0x00840000         0x00000400         rw !x
user_signatures  0x00850000         0x00000400         rw !x
*default*        0x00000000         0xffffffff

Linker script and memory map

Address of section .data set to 0x800100
LOAD common/com_uart.o
LOAD common/device.o
LOAD common/protocol.o
LOAD common/tickTimer.o
LOAD main.o
START GROUP
LOAD c:/program files (x86)/atmel/studio/7.0/toolchain/avr8/avr8-gnu-toolchain/bin/../lib/gcc/avr/5.4.0/../../../../avr/lib/avr25\libm.a
END GROUP
Address of section .shared set to 0x800100
Address of section .bss set to 0x800104
START GROUP
LOAD c:/program files (x86)/atmel/studio/7.0/toolchain/avr8/avr8-gnu-toolchain/bin/../lib/gcc/avr/5.4.0/avr25\libgcc.a
LOAD c:/program files (x86)/atmel/studio/7.0/toolchain/avr8/avr8-gnu-toolchain/bin/../lib/gcc/avr/5.4.0/../../../../avr/lib/avr25\libm.a
LOAD c:/program files (x86)/atmel/studio/7.0/toolchain/avr8/avr8-gnu-toolchain/bin/../lib/gcc/avr/5.4.0/../../../../avr/lib/avr25\libc.a
LOAD C:/Program Files (x86)/Atmel/Studio/7.0/Packs/Atmel/ATtiny_DFP/2.0.368/gcc/dev/attiny841/avr25\libattiny841.a
END GROUP
                0x00000000                __TEXT_REGION_ORIGIN__ = DEFINED (__TEXT_REGION_ORIGIN__)?__TEXT_REGION_ORIGIN__:0x0
                0x00800060                __DATA_REGION_ORIGIN__ = DEFINED (__DATA_REGION_ORIGIN__)?__DATA_REGION_ORIGIN__:0x800060
                0x00002000                __TEXT_REGION_LENGTH__ = DEFINED (__TEXT_REGION_LENGTH__)?__TEXT_REGION_LENGTH__:0x2000
                0x0000ffa0                __DATA_REGION_LENGTH__ = DEFINED (__DATA_REGION_LENGTH__)?__DATA_REGION_LENGTH__:0xffa0
                0x00010000                __EEPROM_REGION_LENGTH__ = DEFINED (__EEPROM_REGION_LENGTH__)?__EEPROM_REGION_LENGTH__:0x10000
                0x00000400                __FUSE_REGION_LENGTH__ = DEFINED (__FUSE_REGION_LENGTH__)?__FUSE_REGION_LENGTH__:0x400
                0x00000400                __LOCK_REGION_LENGTH__ = DEFINED (__LOCK_REGION_LENGTH__)?__LOCK_REGION_LENGTH__:0x400
                0x00000400                __SIGNATURE_REGION_LENGTH__ = DEFINED (__SIGNATURE_REGION_LENGTH__)?__SIGNATURE_REGION_LENGTH__:0x400
                0x00000400                __USER_SIGNATURE_REGION_LENGTH__ = DEFINED (__USER_SIGNATURE_REGION_LENGTH__)?__USER_SIGNATURE_REGION_LENGTH__:0x400

.hash
 *(.hash)

.dynsym
 *(.dynsym)

.dynstr
 *(.dynstr)

.gnu.version
 *(.gnu.version)

.gnu.version_d
 *(.gnu.version_d)

.gnu.version_r
 *(.gnu.version_r)

.rel.init
 *(.rel.init)

.rela.init
 *(.rela.init)

.rel.text
 *(.rel.text)
 *(.rel.text.*)
 *(.rel.gnu.linkonce.t*)

.rela.text
 *(.rela.text)
 *(.rela.text.*)
 *(.rela.gnu.linkonce.t*)

.rel.fini
 *(.rel.fini)

.rela.fini
 *(.rela.fini)

.rel.rodata
 *(.rel.rodata)
 *(.rel.rodata.*)
 *(.rel.gnu.linkonce.r*)

.rela.rodata
 *(.rela.rodata)
 *(.rela.rodata.*)
 *(.rela.gnu.linkonce.r*)

.rel.data
 *(.rel.data)
 *(.rel.data.*)
 *(.rel.gnu.linkonce.d*)

.rela.data
 *(.rela.data)
 *(.rela.data.*)
 *(.rela.gnu.linkonce.d*)

.rel.ctors
 *(.rel.ctors)

.rela.ctors
 *(.rela.ctors)

.rel.dtors
 *(.rel.dtors)

.rela.dtors
 *(.rela.dtors)

.rel.got
 *(.rel.got)

.rela.got
 *(.rela.got)

.rel.bss
 *(.rel.bss)

.rela.bss
 *(.rela.bss)

.rel.plt
 *(.rel.plt)

.rela.plt
 *(.rela.plt)

.text           0x00000000      0x930
 *(.vectors)
 .vectors       0x00000000       0x42 main.o
                0x00000000                InterruptVectorTable
 *(.vectors)
 *(.progmem.gcc*)
 .progmem.gcc_sw_table.com_receive_data
                0x00000042       0x20 common/protocol.o
                0x00000062                . = ALIGN (0x2)
                0x00000062                __trampolines_start = .
 *(.trampolines)
 .trampolines   0x00000062        0x0 linker stubs
 *(.trampolines*)
                0x00000062                __trampolines_end = .
 *libprintf_flt.a:*(.progmem.data)
 *libc.a:*(.progmem.data)
 *(.progmem*)
                0x00000062                . = ALIGN (0x2)
 *(.jumptables)
 *(.jumptables*)
 *(.lowtext)
 *(.lowtext*)
                0x00000062                __ctors_start = .
 *(.ctors)
                0x00000062                __ctors_end = .
                0x00000062                __dtors_start = .
 *(.dtors)
                0x00000062                __dtors_end = .
 SORT(*)(.ctors)
 SORT(*)(.dtors)
 *(.init0)
 *(.init0)
 *(.init1)
 *(.init1)
 *(.init2)
 *(.init2)
 *(.init3)
 *(.init3)
 *(.init4)
 .init4         0x00000062       0x10 c:/program files (x86)/atmel/studio/7.0/toolchain/avr8/avr8-gnu-toolchain/bin/../lib/gcc/avr/5.4.0/avr25\libgcc.a(_clear_bss.o)
                0x00000062                __do_clear_bss
 *(.init4)
 *(.init5)
 *(.init5)
 *(.init6)
 *(.init6)
 *(.init7)
 *(.init7)
 *(.init8)
 *(.init8)
 *(.init9)
 *(.init9)
 *(.text)
                0x00000072                . = ALIGN (0x2)
 *(.text.*)
 .text.crc16    0x00000072       0x46 common/com_uart.o
 .text.com_reset_autobaud
                0x000000b8       0x12 common/com_uart.o
                0x000000b8                com_reset_autobaud
 .text.com_autobaud_init
                0x000000ca       0x22 common/com_uart.o
                0x000000ca                com_autobaud_init
 .text.com_autobaud_update
                0x000000ec       0x42 common/com_uart.o
                0x000000ec                com_autobaud_update
 .text.com_autobaudCapture_interruptHandler
                0x0000012e       0x7a common/com_uart.o
                0x0000012e                com_autobaudCapture_interruptHandler
 .text.com_init
                0x000001a8       0x42 common/com_uart.o
                0x000001a8                com_init
 .text.com_5ms_tick
                0x000001ea       0x5e common/com_uart.o
                0x000001ea                com_5ms_tick
 .text.com_handler
                0x00000248       0xaa common/com_uart.o
                0x00000248                com_handler
 .text.USART0_RX_interruptHandler
                0x000002f2       0x8e common/com_uart.o
                0x000002f2                USART0_RX_interruptHandler
 .text.transmit_byte
                0x00000380       0x4a common/com_uart.o
                0x00000380                transmit_byte
 .text.com_transmit_data
                0x000003ca       0xca common/com_uart.o
                0x000003ca                com_transmit_data
 .text.USART0_TX_interruptHandler
                0x00000494       0x4a common/com_uart.o
                0x00000494                USART0_TX_interruptHandler
 .text.crc16_addByte
                0x000004de       0x38 common/device.o
 .text.app_main
                0x00000516        0x6 common/device.o
 .text.device_run
                0x0000051c       0x82 common/device.o
                0x0000051c                device_run
 .text.device_eraseApp
                0x0000059e       0x42 common/device.o
                0x0000059e                device_eraseApp
 .text.device_reboot
                0x000005e0        0x8 common/device.o
                0x000005e0                device_reboot
 .text.device_getAddress
                0x000005e8        0x6 common/device.o
                0x000005e8                device_getAddress
 .text.device_init
                0x000005ee       0x1c common/device.o
                0x000005ee                device_init
 .text.device_updateAddress
                0x0000060a       0x22 common/device.o
                0x0000060a                device_updateAddress
 .text.crc16_addByte
                0x0000062c       0x38 common/protocol.o
 .text.com_receive_data
                0x00000664      0x1ec common/protocol.o
                0x00000664                com_receive_data
 .text.tickTimer_init
                0x00000850       0x18 common/tickTimer.o
                0x00000850                tickTimer_init
 .text.tickTimer_interruptHandler
                0x00000868       0x66 common/tickTimer.o
                0x00000868                tickTimer_interruptHandler
 .text.startup.main
                0x000008ce       0x2e main.o
                0x000008ce                main
 .text.avr-libc
                0x000008fc       0x10 C:/Program Files (x86)/Atmel/Studio/7.0/Packs/Atmel/ATtiny_DFP/2.0.368/gcc/dev/attiny841/avr25\libattiny841.a(eerd_byte.o)
                0x000008fc                eeprom_read_byte
 .text.avr-libc
                0x0000090c       0x24 C:/Program Files (x86)/Atmel/Studio/7.0/Packs/Atmel/ATtiny_DFP/2.0.368/gcc/dev/attiny841/avr25\libattiny841.a(eeupd_byte.o)
                0x0000090c                eeprom_update_byte
                0x0000090e                eeprom_update_r18
                0x00000930                . = ALIGN (0x2)
 *(.fini9)
 *(.fini9)
 *(.fini8)
 *(.fini8)
 *(.fini7)
 *(.fini7)
 *(.fini6)
 *(.fini6)
 *(.fini5)
 *(.fini5)
 *(.fini4)
 *(.fini4)
 *(.fini3)
 *(.fini3)
 *(.fini2)
 *(.fini2)
 *(.fini1)
 *(.fini1)
 *(.fini0)
 *(.fini0)
                0x00000930                _etext = .

.data           0x00800100        0x0 load address 0x00000930
                [!provide]                PROVIDE (__data_start, .)
 *(.data)
 *(.data*)
 *(.gnu.linkonce.d*)
 *(.rodata)
 *(.rodata*)
 *(.gnu.linkonce.r*)
                0x00800100                . = ALIGN (0x2)
                0x00800100                _edata = .
                [!provide]                PROVIDE (__data_end, .)

.bss            0x00800104       0x2c
                0x00800104                PROVIDE (__bss_start, .)
 *(.bss)
 *(.bss*)
 .bss.edge_time.1854
                0x00800104        0x2 common/com_uart.o
 *(COMMON)
 COMMON         0x00800106       0x28 common/com_uart.o
                0x00800106                rxLedTimer5ms
                0x00800107                uart_buffer_position
                0x00800108                edge_count
                0x00800109                rx_byte_count
                0x0080010a                com_error
                0x0080010b                edge_periode_min
                0x0080010d                uart_timeout_counter
                0x0080010e                uart_buffer
                0x0080012c                uart_tx_size
                0x0080012d                uart_state
 COMMON         0x0080012e        0x2 common/tickTimer.o
                0x0080012e                tickCounter
                0x00800130                PROVIDE (__bss_end, .)
                0x00000930                __data_load_start = LOADADDR (.data)
                0x00000930                __data_load_end = (__data_load_start + SIZEOF (.data))

.noinit         0x00800130        0x0
                [!provide]                PROVIDE (__noinit_start, .)
 *(.noinit*)
                [!provide]                PROVIDE (__noinit_end, .)
                0x00800130                _end = .
                [!provide]                PROVIDE (__heap_start, .)

.eeprom         0x00810000        0x1
 *(.eeprom*)
 .eeprom        0x00810000        0x1 common/device.o
                0x00810000                eeDeviceAddress
                0x00810001                __eeprom_end = .

.fuse
 *(.fuse)
 *(.lfuse)
 *(.hfuse)
 *(.efuse)

.lock
 *(.lock*)

.signature
 *(.signature*)

.user_signatures
 *(.user_signatures*)

.stab
 *(.stab)

.stabstr
 *(.stabstr)

.stab.excl
 *(.stab.excl)

.stab.exclstr
 *(.stab.exclstr)

.stab.index
 *(.stab.index)

.stab.indexstr
 *(.stab.indexstr)

.comment        0x00000000       0x30
 *(.comment)
 .comment       0x00000000       0x30 common/com_uart.o
                                 0x31 (size before relaxing)
 .comment       0x00000030       0x31 common/device.o
 .comment       0x00000030       0x31 common/protocol.o
 .comment       0x00000030       0x31 common/tickTimer.o
 .comment       0x00000030       0x31 main.o

.note.gnu.build-id
 *(.note.gnu.build-id)

.debug
 *(.debug)

.line
 *(.line)

.debug_srcinfo
 *(.debug_srcinfo)

.debug_sfnames
 *(.debug_sfnames)

.debug_aranges  0x00000000      0x1a0
 *(.debug_aranges)
 .debug_aranges
                0x00000000       0x80 common/com_uart.o
 .debug_aranges
                0x00000080       0x58 common/device.o
 .debug_aranges
                0x000000d8       0x28 common/protocol.o
 .debug_aranges
                0x00000100       0x38 common/tickTimer.o
 .debug_aranges
                0x00000138       0x28 main.o
 .debug_aranges
                0x00000160       0x20 C:/Program Files (x86)/Atmel/Studio/7.0/Packs/Atmel/ATtiny_DFP/2.0.368/gcc/dev/attiny841/avr25\libattiny841.a(eerd_byte.o)
 .debug_aranges
                0x00000180       0x20 C:/Program Files (x86)/Atmel/Studio/7.0/Packs/Atmel/ATtiny_DFP/2.0.368/gcc/dev/attiny841/avr25\libattiny841.a(eeupd_byte.o)

.debug_pubnames
 *(.debug_pubnames)

.debug_info     0x00000000     0x1535
 *(.debug_info .gnu.linkonce.wi.*)
 .debug_info    0x00000000      0x6a1 common/com_uart.o
 .debug_info    0x000006a1      0x4c3 common/device.o
 .debug_info    0x00000b64      0x599 common/protocol.o
 .debug_info    0x000010fd      0x22e common/tickTimer.o
 .debug_info    0x0000132b       0xd5 main.o
 .debug_info    0x00001400       0x9a C:/Program Files (x86)/Atmel/Studio/7.0/Packs/Atmel/ATtiny_DFP/2.0.368/gcc/dev/attiny841/avr25\libattiny841.a(eerd_byte.o)
 .debug_info    0x0000149a       0x9b C:/Program Files (x86)/Atmel/Studio/7.0/Packs/Atmel/ATtiny_DFP/2.0.368/gcc/dev/attiny841/avr25\libattiny841.a(eeupd_byte.o)

.debug_abbrev   0x00000000      0x968
 *(.debug_abbrev)
 .debug_abbrev  0x00000000      0x2bf common/com_uart.o
 .debug_abbrev  0x000002bf      0x27d common/device.o
 .debug_abbrev  0x0000053c      0x1f6 common/protocol.o
 .debug_abbrev  0x00000732      0x184 common/tickTimer.o
 .debug_abbrev  0x000008b6       0x8a main.o
 .debug_abbrev  0x00000940       0x14 C:/Program Files (x86)/Atmel/Studio/7.0/Packs/Atmel/ATtiny_DFP/2.0.368/gcc/dev/attiny841/avr25\libattiny841.a(eerd_byte.o)
 .debug_abbrev  0x00000954       0x14 C:/Program Files (x86)/Atmel/Studio/7.0/Packs/Atmel/ATtiny_DFP/2.0.368/gcc/dev/attiny841/avr25\libattiny841.a(eeupd_byte.o)

.debug_line     0x00000000     0x10d8
 *(.debug_line .debug_line.* .debug_line_end)
 .debug_line    0x00000000      0x59b common/com_uart.o
 .debug_line    0x0000059b      0x381 common/device.o
 .debug_line    0x0000091c      0x31a common/protocol.o
 .debug_line    0x00000c36      0x180 common/tickTimer.o
 .debug_line    0x00000db6      0x1f2 main.o
 .debug_line    0x00000fa8       0x7a C:/Program Files (x86)/Atmel/Studio/7.0/Packs/Atmel/ATtiny_DFP/2.0.368/gcc/dev/attiny841/avr25\libattiny841.a(eerd_byte.o)
 .debug_line    0x00001022       0xb6 C:/Program Files (x86)/Atmel/Studio/7.0/Packs/Atmel/ATtiny_DFP/2.0.368/gcc/dev/attiny841/avr25\libattiny841.a(eeupd_byte.o)

.debug_frame    0x00000000      0x34c
 *(.debug_frame)
 .debug_frame   0x00000000      0x18c common/com_uart.o
 .debug_frame   0x0000018c       0x9c common/device.o
 .debug_frame   0x00000228       0x54 common/protocol.o
 .debug_frame   0x0000027c       0x9c common/tickTimer.o
 .debug_frame   0x00000318       0x34 main.o

.debug_str      0x00000000      0x799
 *(.debug_str)
 .debug_str     0x00000000      0x3f1 common/com_uart.o
                                0x45b (size before relaxing)
 .debug_str     0x000003f1      0x1ae common/device.o
                                0x365 (size before relaxing)
 .debug_str     0x0000059f      0x14f common/protocol.o
                                0x450 (size before relaxing)
 .debug_str     0x000006ee       0x8a common/tickTimer.o
                                0x2bc (size before relaxing)
 .debug_str     0x00000778       0x21 main.o
                                0x1b1 (size before relaxing)

.debug_loc      0x00000000      0xfd3
 *(.debug_loc)
 .debug_loc     0x00000000      0x61a common/com_uart.o
 .debug_loc     0x0000061a      0x19a common/device.o
 .debug_loc     0x000007b4      0x6d2 common/protocol.o
 .debug_loc     0x00000e86      0x14d common/tickTimer.o

.debug_macinfo
 *(.debug_macinfo)

.debug_weaknames
 *(.debug_weaknames)

.debug_funcnames
 *(.debug_funcnames)

.debug_typenames
 *(.debug_typenames)

.debug_varnames
 *(.debug_varnames)

.debug_pubtypes
 *(.debug_pubtypes)

.debug_ranges   0x00000000      0x140
 *(.debug_ranges)
 .debug_ranges  0x00000000       0x70 common/com_uart.o
 .debug_ranges  0x00000070       0x78 common/device.o
 .debug_ranges  0x000000e8       0x18 common/protocol.o
 .debug_ranges  0x00000100       0x28 common/tickTimer.o
 .debug_ranges  0x00000128       0x18 main.o

.debug_macro
 *(.debug_macro)
OUTPUT(tinyloader.elf elf32-avr)
LOAD linker stubs

.shared         0x00800100        0x4
 .shared        0x00800100        0x4 common/device.o
                0x00800100                shared
